  console.log
    [DB] MongoDB connected: mongodb://localhost:27017/api-explorer-test

      at log (src/config/db.js:15:13)

  console.log
    [ingest] Detected spec type: openapi for https://petstore3.swagger.io/api/v3/openapi.json

      at log (src/services/ingestionService.js:26:11)

  console.error
    [ingest] Error: Error downloading https://petstore3.swagger.io/api/v3/openapi.json

    [0m [90m 40 |[39m     })[33m;[39m
     [90m 41 |[39m   } [36mcatch[39m (err) {
    [31m[1m>[22m[39m[90m 42 |[39m     console[33m.[39merror([32m"[ingest] Error:"[39m[33m,[39m err[33m.[39mmessage)[33m;[39m
     [90m    |[39m             [31m[1m^[22m[39m
     [90m 43 |[39m     [36mreturn[39m res[33m.[39mstatus([35m500[39m)[33m.[39mjson({
     [90m 44 |[39m       success[33m:[39m [36mfalse[39m[33m,[39m
     [90m 45 |[39m       message[33m:[39m [32m"Ingestion failed"[39m[33m,[39m[0m

      at error (src/controllers/ingestController.js:42:13)

  console.warn
    [test] Petstore network test skipped ΓÇö proxy/network blocked the download.

    [0m [90m 60 |[39m     [90m// Accept 500 gracefully so CI doesn't fail on network issues.[39m
     [90m 61 |[39m     [36mif[39m (res[33m.[39mstatus [33m===[39m [35m500[39m) {
    [31m[1m>[22m[39m[90m 62 |[39m       console[33m.[39mwarn([32m"[test] Petstore network test skipped ΓÇö proxy/network blocked the download."[39m)[33m;[39m
     [90m    |[39m               [31m[1m^[22m[39m
     [90m 63 |[39m       [36mreturn[39m[33m;[39m
     [90m 64 |[39m     }
     [90m 65 |[39m     expect([[35m200[39m[33m,[39m [35m201[39m])[33m.[39mtoContain(res[33m.[39mstatus)[33m;[39m[0m

      at Object.warn (tests/integration.test.js:62:15)

node.exe : PASS tests/integration.test.js (13.562 s)
At C:\Users\291924\Documents\extras\gsoc\api-explorer\backend\node_modules\.bin
\jest.ps1:24 char:5
+     & "node$exe"  "$basedir/../jest/bin/jest.js" $args
+     ~~~~~~~~~~~~~~~~~~~~~~~~~~~~~~~~~~~~~~~~~~~~~~~~~~
    + CategoryInfo          : NotSpecified: (PASS tests/inte...t.js (13.562 s) 
   :String) [], RemoteException
    + FullyQualifiedErrorId : NativeCommandError
 
  GET /health
    ΓêÜ returns 200 ok (55 ms)
  POST /api/ingest
    ΓêÜ rejects missing url (83 ms)
    ΓêÜ rejects invalid url (6 ms)
    ΓêÜ ingests a real public OpenAPI spec (skipped when network is 
restricted) (3739 ms)
  GET /api/apis
    ΓêÜ returns api list (30 ms)
    ΓêÜ supports category filter (15 ms)
  GET /api/categories
    ΓêÜ returns array of categories (10 ms)
  POST /api/import
    ΓêÜ rejects request without endpointId or apiId (9 ms)
    ΓêÜ returns 404 for non-existent endpointId (14 ms)

Test Suites: 1 passed, 1 total
Tests:       9 passed, 9 total
Snapshots:   0 total
Time:        13.889 s
Ran all test suites matching /integration/i.
Force exiting Jest: Have you considered using `--detectOpenHandles` to detect 
async operations that kept running after all tests finished?
